../Drivers/RC522/rc522.c:97:6:MFRC_Init	8	static
../Drivers/RC522/rc522.c:110:9:SPI2_RW_Byte	24	static
../Drivers/RC522/rc522.c:133:6:MFRC_WriteReg	24	static
../Drivers/RC522/rc522.c:151:9:MFRC_ReadReg	24	static
../Drivers/RC522/rc522.c:171:6:MFRC_SetBitMask	24	static
../Drivers/RC522/rc522.c:187:6:MFRC_ClrBitMask	24	static
../Drivers/RC522/rc522.c:204:6:MFRC_CalulateCRC	40	static
../Drivers/RC522/rc522.c:240:6:MFRC_CmdFrame	48	static
../Drivers/RC522/rc522.c:344:6:PCD_Reset	8	static
../Drivers/RC522/rc522.c:379:6:PCD_AntennaOn	16	static
../Drivers/RC522/rc522.c:397:6:PCD_AntennaOff	8	static
../Drivers/RC522/rc522.c:410:6:PCD_Init	8	static
../Drivers/RC522/rc522.c:434:6:PCD_Request	48	static
../Drivers/RC522/rc522.c:465:6:PCD_Anticoll	48	static
../Drivers/RC522/rc522.c:506:6:PCD_Select	48	static
../Drivers/RC522/rc522.c:551:6:PCD_AuthState	56	static
../Drivers/RC522/rc522.c:585:6:PCD_WriteBlock	48	static
../Drivers/RC522/rc522.c:630:6:PCD_ReadBlock	48	static
../Drivers/RC522/rc522.c:669:6:PCD_Value	48	static
../Drivers/RC522/rc522.c:727:6:PCD_BakValue	48	static
../Drivers/RC522/rc522.c:781:6:PCD_Halt	40	static
